[documentation.vhu2.fr/index.html]
[backblue.gif]
[fade.gif]
[index.html]
[documentation.vhu2.fr/style.css]
[documentation.vhu2.fr/logo vhu2.png]
[documentation.vhu2.fr/cam.png]
[documentation.vhu2.fr/index-2.html]
[documentation.vhu2.fr/periph.html]
[documentation.vhu2.fr/douchette.html]
[documentation.vhu2.fr/appli.html]
[documentation.vhu2.fr/imprimantes.html]
[documentation.vhu2.fr/interfaces.html]
[documentation.vhu2.fr/aaa.html]
[documentation.vhu2.fr/darva.html]
[documentation.vhu2.fr/misiv.html]
[documentation.vhu2.fr/globalpre.html]
[documentation.vhu2.fr/teamviewer.html]
[documentation.vhu2.fr/ecommerce.html]
[documentation.vhu2.fr/rech.tri.html]
[documentation.vhu2.fr/ajouterparc.html]
[documentation.vhu2.fr/livrepolice.html]
[documentation.vhu2.fr/gestionparc.html]
[documentation.vhu2.fr/enlevements.html]
[documentation.vhu2.fr/offres.html]
[documentation.vhu2.fr/lots.html]
[documentation.vhu2.fr/ajouterlot.html]
[documentation.vhu2.fr/retirerlot.html]
[documentation.vhu2.fr/ajoutpiece.html]
[documentation.vhu2.fr/demontage.html]
[documentation.vhu2.fr/catalogue.html]
[documentation.vhu2.fr/migrations.html]
[documentation.vhu2.fr/importcatalogue.html]
[documentation.vhu2.fr/facturation.html]
[documentation.vhu2.fr/facturevehicule.html]
[documentation.vhu2.fr/proformas.html]
[documentation.vhu2.fr/bl.html]
[documentation.vhu2.fr/comptabilite.html]
[documentation.vhu2.fr/journal.html]
[documentation.vhu2.fr/inventaire.html]
[documentation.vhu2.fr/contenants.html]
[documentation.vhu2.fr/depollution.html]
[documentation.vhu2.fr/dechets.html]
[documentation.vhu2.fr/ademe.html]
[documentation.vhu2.fr/paramlogiciel.html]
[documentation.vhu2.fr/intervenants.html]
[documentation.vhu2.fr/infospersos.html]
[documentation.vhu2.fr/deroulantes.html]
[documentation.vhu2.fr/stats.html]
[documentation.vhu2.fr/sav.png]
[documentation.vhu2.fr/shemaglobalV2.png]
[documentation.vhu2.fr/1.png]
[documentation.vhu2.fr/2.png]
[documentation.vhu2.fr/nouvdoss.png]
[documentation.vhu2.fr/lp.png]
[documentation.vhu2.fr/entlot1.png]
[documentation.vhu2.fr/sorlot1.png]
[documentation.vhu2.fr/parcsiv.png]
[documentation.vhu2.fr/enlevement2.png]
[documentation.vhu2.fr/offres1.png]
[documentation.vhu2.fr/typespiècesvoiture.png]
[documentation.vhu2.fr/typespiècesmoto.png]
[documentation.vhu2.fr/demontage2.png]
[documentation.vhu2.fr/catalogue1.png]
[documentation.vhu2.fr/migrations2.png]
[documentation.vhu2.fr/ventevehicule2.png]
[documentation.vhu2.fr/bl1.png]
[documentation.vhu2.fr/journal2.png]
[documentation.vhu2.fr/compta2.png]
[documentation.vhu2.fr/ademe2.png]
[documentation.vhu2.fr/stats7.png]
[documentation.vhu2.fr/index.html]
[documentation.vhu2.fr/style.css]
[documentation.vhu2.fr/index-2.html]
[documentation.vhu2.fr/appliphoto0.png]
[documentation.vhu2.fr/douchette0.png]
[documentation.vhu2.fr/imprim0.png]
[documentation.vhu2.fr/periph.html]
[documentation.vhu2.fr/douchette.png]
[documentation.vhu2.fr/douchette1.png]
[documentation.vhu2.fr/factures.html]
[documentation.vhu2.fr/douchette2.png]
[documentation.vhu2.fr/douchette.html]
[documentation.vhu2.fr/screen android.jpg]
[documentation.vhu2.fr/screen iphone.jpg]
[documentation.vhu2.fr/appli_screen1.jpg]
[documentation.vhu2.fr/appli_screen_ref_piece1.jpg]
[documentation.vhu2.fr/appli_screen_ref_piece2.jpg]
[documentation.vhu2.fr/appli_screen_ref_piece3.jpg]
[documentation.vhu2.fr/appli_screen_ref_piece4.jpg]
[documentation.vhu2.fr/appli_screen2.jpg]
[documentation.vhu2.fr/appli_screen3.jpg]
[documentation.vhu2.fr/appli_screen_scan_piece1.jpg]
[documentation.vhu2.fr/appli_screen_scan_piece2.jpg]
[documentation.vhu2.fr/appli_screen_scan_piece3.jpg]
[documentation.vhu2.fr/appli_screen_scan_piece4.jpg]
[documentation.vhu2.fr/appliweb1.png]
[documentation.vhu2.fr/appliweb2.png]
[documentation.vhu2.fr/appliweb3.png]
[documentation.vhu2.fr/appliweb4.png]
[documentation.vhu2.fr/appliweb5.png]
[documentation.vhu2.fr/appli.html]
[documentation.vhu2.fr/imprim1.png]
[documentation.vhu2.fr/imprim2.png]
[documentation.vhu2.fr/imprim3.png]
[documentation.vhu2.fr/imprim4.png]
[documentation.vhu2.fr/imprimantes.html]
[documentation.vhu2.fr/AAA.png]
[documentation.vhu2.fr/global.png]
[documentation.vhu2.fr/darva.png]
[documentation.vhu2.fr/misiv.png]
[documentation.vhu2.fr/interfaces.html]
[documentation.vhu2.fr/aaa1.png]
[documentation.vhu2.fr/aaa2.png]
[documentation.vhu2.fr/aaa3.png]
[documentation.vhu2.fr/aaa.html]
[documentation.vhu2.fr/darva1.png]
[documentation.vhu2.fr/darva2.png]
[documentation.vhu2.fr/darva3.png]
[documentation.vhu2.fr/darva.html]
[documentation.vhu2.fr/misiv1.png]
[documentation.vhu2.fr/misiv2.png]
[documentation.vhu2.fr/misiv3.png]
[documentation.vhu2.fr/misiv5.png]
[documentation.vhu2.fr/misiv4.png]
[documentation.vhu2.fr/misiv6.png]
[documentation.vhu2.fr/misiv.html]
[documentation.vhu2.fr/globalpre1.png]
[documentation.vhu2.fr/globalpre2.png]
[documentation.vhu2.fr/globalpre3.png]
[documentation.vhu2.fr/globalpre4.png]
[documentation.vhu2.fr/globalpre5.png]
[documentation.vhu2.fr/globalpre6.png]
[documentation.vhu2.fr/globalpre7.png]
[documentation.vhu2.fr/globalpre8.png]
[documentation.vhu2.fr/demontage3.png]
[documentation.vhu2.fr/globalpre9.png]
[documentation.vhu2.fr/globalpre10.png]
[documentation.vhu2.fr/globalpre11.png]
[documentation.vhu2.fr/globalpre12.png]
[documentation.vhu2.fr/globalpre13.png]
[documentation.vhu2.fr/globalpre14.png]
[documentation.vhu2.fr/globalpre15.png]
[documentation.vhu2.fr/globalpre.html]
[documentation.vhu2.fr/teamviewer.png]
[documentation.vhu2.fr/teamviewer.html]
[documentation.vhu2.fr/Recherche pièces. ROUGE png.png]
[documentation.vhu2.fr/VO VA Rouge.png]
[documentation.vhu2.fr/E commerce; selection canaux diffusion ROUGE .png]
[documentation.vhu2.fr/ecommerce.html]
[documentation.vhu2.fr/tri1.png]
[documentation.vhu2.fr/tri2.png]
[documentation.vhu2.fr/tri3.png]
[documentation.vhu2.fr/tri4.png]
[documentation.vhu2.fr/tri5.png]
[documentation.vhu2.fr/tri6.png]
[documentation.vhu2.fr/tri7.png]
[documentation.vhu2.fr/rech.tri.html]
[documentation.vhu2.fr/nouvplein.png]
[documentation.vhu2.fr/nouvsiv.png]
[documentation.vhu2.fr/ajouterparc.html]
[documentation.vhu2.fr/livreP.png]
[documentation.vhu2.fr/livrepolice_menu.png]
[documentation.vhu2.fr/livrepolice_options.png]
[documentation.vhu2.fr/livrepolice.html]
[documentation.vhu2.fr/raccparc.png]
[documentation.vhu2.fr/gestionparc.html]
[documentation.vhu2.fr/enlevement1.png]
[documentation.vhu2.fr/enlevement_menu.png]
[documentation.vhu2.fr/enlevement_sousmenu.png]
[documentation.vhu2.fr/enlevements.html]
[documentation.vhu2.fr/appeldoffre_menu.png]
[documentation.vhu2.fr/appeldoffre_sousmenu.png]
[documentation.vhu2.fr/appeldoffre_sousmenu2.png]
[documentation.vhu2.fr/offres2.png]
[documentation.vhu2.fr/appeldoffre_be.png]
[documentation.vhu2.fr/offres.html]
[documentation.vhu2.fr/lots.html]
[documentation.vhu2.fr/ajouterlot_menu.png]
[documentation.vhu2.fr/ajouterlot_sousmenu.png]
[documentation.vhu2.fr/ajouterlot_fenetre.png]
[documentation.vhu2.fr/ajouterlot_fenetre2.png]
[documentation.vhu2.fr/ajouterlot.html]
[documentation.vhu2.fr/sortielot.png]
[documentation.vhu2.fr/sortielot_parc.png]
[documentation.vhu2.fr/sortielot_fin.png]
[documentation.vhu2.fr/retirerlot.html]
[documentation.vhu2.fr/ajouterarticle_menu.png]
[documentation.vhu2.fr/ajouterarticle_sousmenu.png]
[documentation.vhu2.fr/ajouterarticle_créer.png]
[documentation.vhu2.fr/ajouterarticle_infos.png]
[documentation.vhu2.fr/ajouterarticle_achatvente.png]
[documentation.vhu2.fr/ajouterarticle_stock.png]
[documentation.vhu2.fr/ajouterarticle_photoétiq.png]
[documentation.vhu2.fr/ajoutpiece.html]
[documentation.vhu2.fr/contenants1_menu_param.png]
[documentation.vhu2.fr/param_site.png]
[documentation.vhu2.fr/configGC.png]
[documentation.vhu2.fr/referencement_articles.png]
[documentation.vhu2.fr/demontage0.6.png]
[documentation.vhu2.fr/referencement_ok.png]
[documentation.vhu2.fr/referencement_enregistrer.png]
[documentation.vhu2.fr/fichesdémontage1.png]
[documentation.vhu2.fr/fichesdémontage2.png]
[documentation.vhu2.fr/fichesdémontage3.png]
[documentation.vhu2.fr/fichesdémontage4.png]
[documentation.vhu2.fr/demontage.html]
[documentation.vhu2.fr/ajouterarticle_menu-2.png]
[documentation.vhu2.fr/catalogue0.png]
[documentation.vhu2.fr/catalogue00.png]
[documentation.vhu2.fr/catalogue2.png]
[documentation.vhu2.fr/catalogue.html]
[documentation.vhu2.fr/migrations.png]
[documentation.vhu2.fr/inventaire,réappros,mouvements.png]
[documentation.vhu2.fr/mouvement,stock,sorties.png]
[documentation.vhu2.fr/migrations.html]
[documentation.vhu2.fr/importcatalogue.html]
[documentation.vhu2.fr/factu1.png]
[documentation.vhu2.fr/factu2.png]
[documentation.vhu2.fr/factu3.png]
[documentation.vhu2.fr/factu4.png]
[documentation.vhu2.fr/factu5.png]
[documentation.vhu2.fr/factu6.png]
[documentation.vhu2.fr/facturation.html]
[documentation.vhu2.fr/ventevehicule1.png]
[documentation.vhu2.fr/ventevehicule3.png]
[documentation.vhu2.fr/facturevehicule.html]
[documentation.vhu2.fr/gestion_documents.png]
[documentation.vhu2.fr/recherche_documents.png]
[documentation.vhu2.fr/fenêtre_recherche_docs.png]
[documentation.vhu2.fr/proformas3.png]
[documentation.vhu2.fr/proformas.html]
[documentation.vhu2.fr/bl2.png]
[documentation.vhu2.fr/bl3.png]
[documentation.vhu2.fr/bl.html]
[documentation.vhu2.fr/Tableau Comptes.png]
[documentation.vhu2.fr/tableau compte utile VHU2 .png]
[documentation.vhu2.fr/Ecritures achats et ventes .png]
[documentation.vhu2.fr/TVA véhicules.png]
[documentation.vhu2.fr/TVA pièces.png]
[documentation.vhu2.fr/comptabilisation TVA.png]
[documentation.vhu2.fr/screen nature de pièces.png]
[documentation.vhu2.fr/interface_compta.png]
[documentation.vhu2.fr/compta1.png]
[documentation.vhu2.fr/compta3.png]
[documentation.vhu2.fr/comptabilite.html]
[documentation.vhu2.fr/journal_vente.png]
[documentation.vhu2.fr/journal.html]
[documentation.vhu2.fr/inventaire1.png]
[documentation.vhu2.fr/inventaire_caisse.png]
[documentation.vhu2.fr/inventaire2.png]
[documentation.vhu2.fr/inventaire.html]
[documentation.vhu2.fr/contenants2_listesderoulantes.png]
[documentation.vhu2.fr/contenants3_listetypes.png]
[documentation.vhu2.fr/contenants4_typecontenant.png]
[documentation.vhu2.fr/contenants5_menuprincipal.png]
[documentation.vhu2.fr/contenants6_suividepollution.png]
[documentation.vhu2.fr/contenants7_gestion.png]
[documentation.vhu2.fr/contenants.html]
[documentation.vhu2.fr/depollution1_ficheVHU.png]
[documentation.vhu2.fr/depollution2_listedechets.png]
[documentation.vhu2.fr/contenants8_depollution.png]
[documentation.vhu2.fr/depollution3_ajoutdechetdepollution.png]
[documentation.vhu2.fr/depollution4_parametragedechets.png]
[documentation.vhu2.fr/depollution5_menuprincipalsuividepollution.png]
[documentation.vhu2.fr/depollution6_suividepollution.png]
[documentation.vhu2.fr/depollution7_saisiecascade.png]
[documentation.vhu2.fr/depollution8_suividesdepollutions.png]
[documentation.vhu2.fr/depollution.html]
[documentation.vhu2.fr/depollution6_suividepollution-2.png]
[documentation.vhu2.fr/dechets1_suiviBSDI.png]
[documentation.vhu2.fr/dechets2_suiviBSDI.png]
[documentation.vhu2.fr/dechets3_suiviBSDI.png]
[documentation.vhu2.fr/dechets.html]
[documentation.vhu2.fr/suividepollution_ademe.png]
[documentation.vhu2.fr/ademe1.png]
[documentation.vhu2.fr/ademe5.png]
[documentation.vhu2.fr/ademe.html]
[documentation.vhu2.fr/paramlogiciel1.png]
[documentation.vhu2.fr/paramlogiciel2.png]
[documentation.vhu2.fr/paramlogiciel3.png]
[documentation.vhu2.fr/paramlogiciel4.png]
[documentation.vhu2.fr/paramlogiciel5.png]
[documentation.vhu2.fr/paramlogiciel.html]
[documentation.vhu2.fr/intervenants1.png]
[documentation.vhu2.fr/gestion_tiers.png]
[documentation.vhu2.fr/intervenants_vhu.png]
[documentation.vhu2.fr/intervenants2.png]
[documentation.vhu2.fr/intervenants3.png]
[documentation.vhu2.fr/intervenants.html]
[documentation.vhu2.fr/perso1.png]
[documentation.vhu2.fr/perso2.png]
[documentation.vhu2.fr/utilisateurs.png]
[documentation.vhu2.fr/perso3.png]
[documentation.vhu2.fr/infospersos.html]
[documentation.vhu2.fr/derou1.png]
[documentation.vhu2.fr/derou2.png]
[documentation.vhu2.fr/derou3.png]
[documentation.vhu2.fr/deroulantes.html]
[documentation.vhu2.fr/statistiques.png]
[documentation.vhu2.fr/onglets_stats.png]
[documentation.vhu2.fr/stats1.png]
[documentation.vhu2.fr/stats2.png]
[documentation.vhu2.fr/stats3.png]
[documentation.vhu2.fr/stats4.png]
[documentation.vhu2.fr/stats5.png]
[documentation.vhu2.fr/stats6.png]
[documentation.vhu2.fr/stats_vente_articles.png]
[documentation.vhu2.fr/stats8.png]
[documentation.vhu2.fr/stats.html]
[documentation.vhu2.fr/factures.html]
[documentation.vhu2.fr/ajouter parc.html]
[documentation.vhu2.fr/applismartphone.html]
